python : Traceback 
(most recent call 
last):
At line:1 char:1
+ python backend/test
_campaign_creation.py
 > test_output.txt 
2>&1; cat  ...
+ ~~~~~~~~~~~~~~~~~~~
~~~~~~~~~~~~~~~~~~~~~
~~~~~~~~~~~~~~~~~~~~~
~~
    + CategoryInfo   
           : NotSpe  
  cified: (Traceba   
 ck (most recent     
call last)::Stri    
ng) [], RemoteEx    
ception
    + FullyQualified 
   ErrorId : Native  
  CommandError
 
  File "C:\Users\acer
\Desktop\SMM-final\LL
MVisibility-New\backe
nd\test_campaign_crea
tion.py", line 99, 
in <module>
    
asyncio.run(main())
  File "C:\Users\acer
\AppData\Local\Progra
ms\Python\Python312\L
ib\asyncio\runners.py
", line 194, in run
    return 
runner.run(main)
           
^^^^^^^^^^^^^^^^
  File "C:\Users\acer
\AppData\Local\Progra
ms\Python\Python312\L
ib\asyncio\runners.py
", line 118, in run
    return self._loop
.run_until_complete(t
ask)
           ^^^^^^^^^^
^^^^^^^^^^^^^^^^^^^^^
^^^^
  File "C:\Users\acer
\AppData\Local\Progra
ms\Python\Python312\L
ib\asyncio\base_event
s.py", line 664, in 
run_until_complete
    return 
future.result()
           
^^^^^^^^^^^^^^^
  File "C:\Users\acer
\Desktop\SMM-final\LL
MVisibility-New\backe
nd\test_campaign_crea
tion.py", line 86, 
in main
    
print("\U0001f680 
Testing Prometrix 
Campaign Creation\n")
  File "C:\Users\acer
\AppData\Local\Progra
ms\Python\Python312\L
ib\encodings\cp1252.p
y", line 19, in 
encode
    return codecs.cha
rmap_encode(input,sel
f.errors,encoding_tab
le)[0]
           ^^^^^^^^^^
^^^^^^^^^^^^^^^^^^^^^
^^^^^^^^^^^^^^^^^^^^^
^^^
UnicodeEncodeError: 
'charmap' codec 
can't encode 
character 
'\U0001f680' in 
position 0: 
character maps to 
<undefined>
